../Core/Src/main.c:126:5:main	64	static
../Core/Src/main.c:188:13:standby_mode	56	static
../Core/Src/main.c:248:13:battle_no_last_of_ee2028_mode	48	static
../Core/Src/main.c:340:13:battle_last_of_ee2028_mode	24	static
../Core/Src/main.c:382:13:dead_mode	16	static
../Core/Src/main.c:400:13:UART1_Init	32	static
../Core/Src/main.c:433:6:HAL_GPIO_EXTI_Callback	16	static
../Core/Src/main.c:463:13:button_press	8	static
../Core/Src/main.c:500:13:led_blink	16	static
../Core/Src/main.c:523:13:read_ready_acc_gyro_d6d	56	static
../Core/Src/main.c:566:13:read_mag	16	static
../Core/Src/main.c:581:13:read_ready_pressure	40	static
../Core/Src/main.c:633:13:read_ready_hum_temp	40	static
../Core/Src/main.c:675:13:print_threshold_acc	24	static
../Core/Src/main.c:689:13:print_threshold_gyro	24	static
../Core/Src/main.c:703:13:print_threshold_mag	24	static
../Core/Src/main.c:717:13:print_threshold_hum	16	static
../Core/Src/main.c:731:13:print_threshold_press	16	static
../Core/Src/main.c:745:13:print_threshold_temp	16	static
../Core/Src/main.c:760:13:LSM6DSL_AccGyroInit	40	static
../Core/Src/main.c:878:13:HTS221_HumTempInit	56	static
../Core/Src/main.c:980:13:LPS22HB_PressureInit	40	static
