../Core/Src/main.c:124:5:main	64	static
../Core/Src/main.c:172:13:standby_mode	56	static
../Core/Src/main.c:232:13:battle_no_last_of_ee2028_mode	48	static
../Core/Src/main.c:325:13:battle_last_of_ee2028_mode	24	static
../Core/Src/main.c:369:13:dead_mode	16	static
../Core/Src/main.c:387:13:UART1_Init	32	static
../Core/Src/main.c:420:6:HAL_GPIO_EXTI_Callback	16	static
../Core/Src/main.c:449:13:button_press	8	static
../Core/Src/main.c:486:13:led_blink	16	static
../Core/Src/main.c:508:13:read_ready_acc_gyro_d6d	56	static
../Core/Src/main.c:548:13:read_ready_mag	32	static
../Core/Src/main.c:566:14:read_pressure	8	static
../Core/Src/main.c:582:13:read_ready_hum_temp	40	static
../Core/Src/main.c:624:13:print_threshold_acc	24	static
../Core/Src/main.c:637:13:print_threshold_gyro	24	static
../Core/Src/main.c:650:13:print_threshold_mag	24	static
../Core/Src/main.c:663:13:print_threshold_hum	16	static
../Core/Src/main.c:676:13:print_threshold_press	16	static
../Core/Src/main.c:689:13:print_threshold_temp	16	static
../Core/Src/main.c:703:13:LSM6DSL_AccGyroInit	40	static
../Core/Src/main.c:814:13:HTS221_HumTempInit	56	static
../Core/Src/main.c:910:13:my_LIS3MDL_MagInit	40	static
