../Core/Src/main.c:154:5:main	72	static
../Core/Src/main.c:369:13:standby_mode	56	static
../Core/Src/main.c:476:13:battle_no_last_of_ee2028_mode	48	static
../Core/Src/main.c:601:13:battle_last_of_ee2028_mode	24	static
../Core/Src/main.c:652:13:dead_mode	16	static
../Core/Src/main.c:670:13:UART1_Init	32	static
../Core/Src/main.c:708:6:HAL_UART_RxCpltCallback	16	static
../Core/Src/main.c:729:6:HAL_GPIO_EXTI_Callback	24	static
../Core/Src/main.c:790:13:button_press	8	static
../Core/Src/main.c:827:13:led_blink	16	static
../Core/Src/main.c:850:13:read_ready_acc_gyro_d6d	56	static
../Core/Src/main.c:894:13:read_ready_mag	32	static
../Core/Src/main.c:912:13:read_ready_pressure	40	static
../Core/Src/main.c:963:13:read_ready_hum_temp	40	static
../Core/Src/main.c:1005:13:print_threshold_acc	24	static
../Core/Src/main.c:1019:13:print_threshold_gyro	24	static
../Core/Src/main.c:1033:13:print_threshold_mag	24	static
../Core/Src/main.c:1047:13:print_threshold_hum	16	static
../Core/Src/main.c:1061:13:print_threshold_press	16	static
../Core/Src/main.c:1075:13:print_threshold_temp	16	static
../Core/Src/main.c:1090:13:LSM6DSL_AccGyroInit	40	static
../Core/Src/main.c:1208:13:HTS221_HumTempInit	56	static
../Core/Src/main.c:1310:13:LPS22HB_PressureInit	40	static
../Core/Src/main.c:1369:13:my_LIS3MDL_MagInit	40	static
../Core/Src/main.c:1408:13:RF_GPIO_Init	40	static
../Core/Src/main.c:1447:13:RF_SPI3_Init	8	static
