../Core/Src/main.c:141:5:main	64	static
../Core/Src/main.c:234:13:standby_mode	56	static
../Core/Src/main.c:293:13:battle_no_last_of_ee2028_mode	48	static
../Core/Src/main.c:384:13:battle_last_of_ee2028_mode	24	static
../Core/Src/main.c:426:13:dead_mode	16	static
../Core/Src/main.c:444:13:UART1_Init	32	static
../Core/Src/main.c:477:6:HAL_GPIO_EXTI_Callback	24	static
../Core/Src/main.c:527:13:button_press	8	static
../Core/Src/main.c:564:13:led_blink	16	static
../Core/Src/main.c:587:13:read_ready_acc_gyro_d6d	56	static
../Core/Src/main.c:631:13:read_ready_mag	32	static
../Core/Src/main.c:651:13:read_ready_pressure	40	static
../Core/Src/main.c:702:13:read_ready_hum_temp	40	static
../Core/Src/main.c:744:13:print_threshold_acc	24	static
../Core/Src/main.c:758:13:print_threshold_gyro	24	static
../Core/Src/main.c:772:13:print_threshold_mag	24	static
../Core/Src/main.c:786:13:print_threshold_hum	16	static
../Core/Src/main.c:800:13:print_threshold_press	16	static
../Core/Src/main.c:814:13:print_threshold_temp	16	static
../Core/Src/main.c:829:13:LSM6DSL_AccGyroInit	40	static
../Core/Src/main.c:947:13:HTS221_HumTempInit	56	static
../Core/Src/main.c:1049:13:LPS22HB_PressureInit	40	static
../Core/Src/main.c:1108:13:my_LIS3MDL_MagInit	40	static
../Core/Src/main.c:1147:13:RF_GPIO_Init	40	static
../Core/Src/main.c:1186:13:RF_SPI3_Init	8	static
