../Core/Src/main.c:139:5:main	24	static
../Core/Src/main.c:213:13:standby_mode	56	static
../Core/Src/main.c:274:13:battle_no_last_of_ee2028_mode	48	static
../Core/Src/main.c:367:13:battle_last_of_ee2028_mode	24	static
../Core/Src/main.c:411:13:dead_mode	16	static
../Core/Src/main.c:429:13:UART1_Init	32	static
../Core/Src/main.c:462:6:HAL_GPIO_EXTI_Callback	24	static
../Core/Src/main.c:501:13:button_press	8	static
../Core/Src/main.c:538:13:led_blink	16	static
../Core/Src/main.c:560:13:read_ready_acc_gyro_d6d	56	static
../Core/Src/main.c:599:13:read_mag	16	static
../Core/Src/main.c:612:14:read_pressure	8	static
../Core/Src/main.c:628:13:read_ready_hum_temp	40	static
../Core/Src/main.c:670:13:print_threshold_acc	24	static
../Core/Src/main.c:684:13:print_threshold_gyro	24	static
../Core/Src/main.c:698:13:print_threshold_mag	24	static
../Core/Src/main.c:712:13:print_threshold_hum	16	static
../Core/Src/main.c:726:13:print_threshold_press	16	static
../Core/Src/main.c:740:13:print_threshold_temp	16	static
../Core/Src/main.c:755:13:LSM6DSL_AccGyroInit	40	static
../Core/Src/main.c:866:13:HTS221_HumTempInit	56	static
../Core/Src/main.c:962:13:RF_GPIO_Init	48	static
../Core/Src/main.c:1003:13:RF_SPI3_Init	8	static
