../Core/Src/main.c:149:5:main	72	static
../Core/Src/main.c:313:13:standby_mode	56	static
../Core/Src/main.c:415:13:battle_no_last_of_ee2028_mode	48	static
../Core/Src/main.c:527:13:battle_last_of_ee2028_mode	24	static
../Core/Src/main.c:577:13:dead_mode	16	static
../Core/Src/main.c:616:13:UART1_Init	32	static
../Core/Src/main.c:649:6:HAL_GPIO_EXTI_Callback	24	static
../Core/Src/main.c:699:13:button_press	8	static
../Core/Src/main.c:736:13:led_blink	16	static
../Core/Src/main.c:759:13:read_ready_acc_gyro_d6d	56	static
../Core/Src/main.c:803:13:read_ready_mag	32	static
../Core/Src/main.c:821:13:read_ready_pressure	40	static
../Core/Src/main.c:872:13:read_ready_hum_temp	40	static
../Core/Src/main.c:914:13:print_threshold_acc	24	static
../Core/Src/main.c:928:13:print_threshold_gyro	24	static
../Core/Src/main.c:942:13:print_threshold_mag	24	static
../Core/Src/main.c:956:13:print_threshold_hum	16	static
../Core/Src/main.c:970:13:print_threshold_press	16	static
../Core/Src/main.c:984:13:print_threshold_temp	16	static
../Core/Src/main.c:999:13:LSM6DSL_AccGyroInit	40	static
../Core/Src/main.c:1117:13:HTS221_HumTempInit	56	static
../Core/Src/main.c:1219:13:LPS22HB_PressureInit	40	static
../Core/Src/main.c:1278:13:my_LIS3MDL_MagInit	40	static
../Core/Src/main.c:1317:13:RF_GPIO_Init	40	static
../Core/Src/main.c:1356:13:RF_SPI3_Init	8	static
