../Core/Src/main.c:85:5:main	8	static
../Core/Src/main.c:128:13:standby_mode	56	static
../Core/Src/main.c:189:13:battle_no_last_of_ee2028_mode	56	static
../Core/Src/main.c:287:13:battle_last_of_ee2028_mode	24	static
../Core/Src/main.c:331:13:dead_mode	16	static
../Core/Src/main.c:349:13:UART1_Init	32	static
../Core/Src/main.c:382:6:HAL_GPIO_EXTI_Callback	16	static
../Core/Src/main.c:402:13:button_press	8	static
../Core/Src/main.c:439:13:led_blink	16	static
../Core/Src/main.c:456:13:read_acc	40	static
../Core/Src/main.c:472:13:read_gyro	24	static
../Core/Src/main.c:489:13:read_mag	16	static
../Core/Src/main.c:502:14:read_humidity	8	static
../Core/Src/main.c:514:14:read_pressure	8	static
../Core/Src/main.c:527:14:read_temp	8	static
../Core/Src/main.c:540:13:LSM6DSL_AccInit_6D_EXTI	40	static
