../Core/Src/main.c:89:5:main	8	static
../Core/Src/main.c:134:13:standby_mode	56	static
../Core/Src/main.c:195:13:battle_no_last_of_ee2028_mode	56	static
../Core/Src/main.c:294:13:battle_last_of_ee2028_mode	24	static
../Core/Src/main.c:338:13:dead_mode	16	static
../Core/Src/main.c:356:13:UART1_Init	32	static
../Core/Src/main.c:389:6:HAL_GPIO_EXTI_Callback	16	static
../Core/Src/main.c:409:13:button_press	8	static
../Core/Src/main.c:442:13:led_blink	16	static
../Core/Src/main.c:459:13:read_acc	40	static
../Core/Src/main.c:475:13:read_gyro	24	static
../Core/Src/main.c:492:13:read_mag	16	static
../Core/Src/main.c:505:14:read_humidity	8	static
../Core/Src/main.c:517:14:read_pressure	8	static
../Core/Src/main.c:530:14:read_temp	8	static
../Core/Src/main.c:543:13:LSM6DSL_AccInit_6D_EXTI	40	static
