../Core/Src/main.c:123:5:main	64	static
../Core/Src/main.c:171:13:standby_mode	56	static
../Core/Src/main.c:232:13:battle_no_last_of_ee2028_mode	48	static
../Core/Src/main.c:325:13:battle_last_of_ee2028_mode	24	static
../Core/Src/main.c:369:13:dead_mode	16	static
../Core/Src/main.c:387:13:UART1_Init	32	static
../Core/Src/main.c:420:6:HAL_GPIO_EXTI_Callback	16	static
../Core/Src/main.c:445:13:button_press	8	static
../Core/Src/main.c:482:13:led_blink	16	static
../Core/Src/main.c:504:13:read_ready_acc_gyro_d6d	56	static
../Core/Src/main.c:547:13:read_mag	16	static
../Core/Src/main.c:560:14:read_pressure	8	static
../Core/Src/main.c:576:13:read_ready_hum_temp	40	static
../Core/Src/main.c:618:13:print_threshold_acc	24	static
../Core/Src/main.c:631:13:print_threshold_gyro	24	static
../Core/Src/main.c:644:13:print_threshold_mag	24	static
../Core/Src/main.c:657:13:print_threshold_hum	16	static
../Core/Src/main.c:670:13:print_threshold_press	16	static
../Core/Src/main.c:683:13:print_threshold_temp	16	static
../Core/Src/main.c:697:13:LSM6DSL_AccGyroInit	40	static
../Core/Src/main.c:808:13:HTS221_HumTempInit	56	static
