../Core/Src/main.c:127:5:main	64	static
../Core/Src/main.c:191:13:standby_mode	56	static
../Core/Src/main.c:250:13:battle_no_last_of_ee2028_mode	48	static
../Core/Src/main.c:342:13:battle_last_of_ee2028_mode	24	static
../Core/Src/main.c:384:13:dead_mode	16	static
../Core/Src/main.c:402:13:UART1_Init	32	static
../Core/Src/main.c:435:6:HAL_GPIO_EXTI_Callback	16	static
../Core/Src/main.c:469:13:button_press	8	static
../Core/Src/main.c:506:13:led_blink	16	static
../Core/Src/main.c:529:13:read_ready_acc_gyro_d6d	56	static
../Core/Src/main.c:573:13:read_ready_mag	32	static
../Core/Src/main.c:593:13:read_ready_pressure	40	static
../Core/Src/main.c:645:13:read_ready_hum_temp	40	static
../Core/Src/main.c:687:13:print_threshold_acc	24	static
../Core/Src/main.c:701:13:print_threshold_gyro	24	static
../Core/Src/main.c:715:13:print_threshold_mag	24	static
../Core/Src/main.c:729:13:print_threshold_hum	16	static
../Core/Src/main.c:743:13:print_threshold_press	16	static
../Core/Src/main.c:757:13:print_threshold_temp	16	static
../Core/Src/main.c:772:13:LSM6DSL_AccGyroInit	40	static
../Core/Src/main.c:890:13:HTS221_HumTempInit	56	static
../Core/Src/main.c:992:13:LPS22HB_PressureInit	40	static
../Core/Src/main.c:1051:13:my_LIS3MDL_MagInit	40	static
