../Core/Src/main.c:104:5:main	16	static
../Core/Src/main.c:149:13:standby_mode	56	static
../Core/Src/main.c:209:13:battle_no_last_of_ee2028_mode	48	static
../Core/Src/main.c:297:13:battle_last_of_ee2028_mode	24	static
../Core/Src/main.c:341:13:dead_mode	16	static
../Core/Src/main.c:359:13:UART1_Init	32	static
../Core/Src/main.c:392:6:HAL_GPIO_EXTI_Callback	16	static
../Core/Src/main.c:412:13:button_press	8	static
../Core/Src/main.c:449:13:led_blink	16	static
../Core/Src/main.c:471:13:read_ready_acc_gyro_d6d	48	static
../Core/Src/main.c:503:13:read_mag	16	static
../Core/Src/main.c:516:14:read_humidity	8	static
../Core/Src/main.c:528:14:read_pressure	8	static
../Core/Src/main.c:541:14:read_temp	8	static
../Core/Src/main.c:554:13:LSM6DSL_AccGyroInit	40	static
