../Core/Src/main.c:147:5:main	72	static
../Core/Src/main.c:297:13:standby_mode	56	static
../Core/Src/main.c:399:13:battle_no_last_of_ee2028_mode	48	static
../Core/Src/main.c:511:13:battle_last_of_ee2028_mode	24	static
../Core/Src/main.c:561:13:dead_mode	16	static
../Core/Src/main.c:600:13:UART1_Init	32	static
../Core/Src/main.c:633:6:HAL_GPIO_EXTI_Callback	24	static
../Core/Src/main.c:683:13:button_press	8	static
../Core/Src/main.c:720:13:led_blink	16	static
../Core/Src/main.c:743:13:read_ready_acc_gyro_d6d	56	static
../Core/Src/main.c:787:13:read_ready_mag	32	static
../Core/Src/main.c:805:13:read_ready_pressure	40	static
../Core/Src/main.c:856:13:read_ready_hum_temp	40	static
../Core/Src/main.c:898:13:print_threshold_acc	24	static
../Core/Src/main.c:912:13:print_threshold_gyro	24	static
../Core/Src/main.c:926:13:print_threshold_mag	24	static
../Core/Src/main.c:940:13:print_threshold_hum	16	static
../Core/Src/main.c:954:13:print_threshold_press	16	static
../Core/Src/main.c:968:13:print_threshold_temp	16	static
../Core/Src/main.c:983:13:LSM6DSL_AccGyroInit	40	static
../Core/Src/main.c:1101:13:HTS221_HumTempInit	56	static
../Core/Src/main.c:1203:13:LPS22HB_PressureInit	40	static
../Core/Src/main.c:1262:13:my_LIS3MDL_MagInit	40	static
../Core/Src/main.c:1301:13:RF_GPIO_Init	40	static
../Core/Src/main.c:1340:13:RF_SPI3_Init	8	static
