../Core/Src/main.c:112:5:main	16	static
../Core/Src/main.c:160:13:standby_mode	56	static
../Core/Src/main.c:221:13:battle_no_last_of_ee2028_mode	48	static
../Core/Src/main.c:314:13:battle_last_of_ee2028_mode	24	static
../Core/Src/main.c:358:13:dead_mode	16	static
../Core/Src/main.c:376:13:UART1_Init	32	static
../Core/Src/main.c:409:6:HAL_GPIO_EXTI_Callback	16	static
../Core/Src/main.c:434:13:button_press	8	static
../Core/Src/main.c:471:13:led_blink	16	static
../Core/Src/main.c:493:13:read_ready_acc_gyro_d6d	56	static
../Core/Src/main.c:532:13:read_mag	16	static
../Core/Src/main.c:545:14:read_pressure	8	static
../Core/Src/main.c:561:13:read_ready_hum_temp	24	static
../Core/Src/main.c:584:13:print_threshold_acc	24	static
../Core/Src/main.c:597:13:print_threshold_gyro	24	static
../Core/Src/main.c:610:13:print_threshold_mag	24	static
../Core/Src/main.c:623:13:print_threshold_hum	16	static
../Core/Src/main.c:636:13:print_threshold_press	16	static
../Core/Src/main.c:649:13:print_threshold_temp	16	static
../Core/Src/main.c:663:13:LSM6DSL_AccGyroInit	40	static
../Core/Src/main.c:774:13:HTS221_HumTempInit	40	static
