../Core/Src/main.c:89:5:main	8	static
../Core/Src/main.c:135:13:standby_mode	56	static
../Core/Src/main.c:196:13:battle_no_last_of_ee2028_mode	56	static
../Core/Src/main.c:295:13:battle_last_of_ee2028_mode	24	static
../Core/Src/main.c:339:13:dead_mode	16	static
../Core/Src/main.c:357:13:UART1_Init	32	static
../Core/Src/main.c:390:6:HAL_GPIO_EXTI_Callback	16	static
../Core/Src/main.c:410:13:button_press	8	static
../Core/Src/main.c:443:13:led_blink	16	static
../Core/Src/main.c:460:13:read_acc	40	static
../Core/Src/main.c:476:13:read_gyro	24	static
../Core/Src/main.c:493:13:read_mag	16	static
../Core/Src/main.c:506:14:read_humidity	8	static
../Core/Src/main.c:518:14:read_pressure	8	static
../Core/Src/main.c:531:14:read_temp	8	static
../Core/Src/main.c:544:13:LSM6DSL_AccInit_6D_EXTI	40	static
