../Core/Src/main.c:152:5:main	72	static
../Core/Src/main.c:349:13:standby_mode	56	static
../Core/Src/main.c:456:13:battle_no_last_of_ee2028_mode	48	static
../Core/Src/main.c:568:13:battle_last_of_ee2028_mode	24	static
../Core/Src/main.c:618:13:dead_mode	16	static
../Core/Src/main.c:657:13:UART1_Init	32	static
../Core/Src/main.c:690:6:HAL_GPIO_EXTI_Callback	24	static
../Core/Src/main.c:751:13:button_press	8	static
../Core/Src/main.c:788:13:led_blink	16	static
../Core/Src/main.c:811:13:read_ready_acc_gyro_d6d	56	static
../Core/Src/main.c:855:13:read_ready_mag	32	static
../Core/Src/main.c:873:13:read_ready_pressure	40	static
../Core/Src/main.c:924:13:read_ready_hum_temp	40	static
../Core/Src/main.c:966:13:print_threshold_acc	24	static
../Core/Src/main.c:980:13:print_threshold_gyro	24	static
../Core/Src/main.c:994:13:print_threshold_mag	24	static
../Core/Src/main.c:1008:13:print_threshold_hum	16	static
../Core/Src/main.c:1022:13:print_threshold_press	16	static
../Core/Src/main.c:1036:13:print_threshold_temp	16	static
../Core/Src/main.c:1051:13:LSM6DSL_AccGyroInit	40	static
../Core/Src/main.c:1169:13:HTS221_HumTempInit	56	static
../Core/Src/main.c:1271:13:LPS22HB_PressureInit	40	static
../Core/Src/main.c:1330:13:my_LIS3MDL_MagInit	40	static
../Core/Src/main.c:1369:13:RF_GPIO_Init	40	static
../Core/Src/main.c:1408:13:RF_SPI3_Init	8	static
